EN cb2ce_mxilinx_michaelsfpgavision NULL C:/Users/lab/Documents/GitHub/single-photon-vision/FPGA/FPGAcount_troubleshooting/MichaelsFPGAVision.vhf sub00/vhpl16 1454441882
AR bus2to1 behavioral C:/Users/lab/Documents/GitHub/single-photon-vision/FPGA/FPGAcount_troubleshooting/BUS2TO1.vhd sub00/vhpl07 1454441873
AR michaelsfpgavision behavioral C:/Users/lab/Documents/GitHub/single-photon-vision/FPGA/FPGAcount_troubleshooting/MichaelsFPGAVision.vhf sub00/vhpl25 1454441889
AR bus16to1 behavioral C:/Users/lab/Documents/GitHub/single-photon-vision/FPGA/FPGAcount/BUS16TO1.vhd sub00/vhpl01 1454366220
EN fd4ce_mxilinx_michaelsfpgavision NULL C:/Users/lab/Documents/GitHub/single-photon-vision/FPGA/FPGAcount/MichaelsFPGAVision.vhf sub00/vhpl22 1454366241
AR demultiplexer_case demultiplexer_case_arc C:/Users/lab/Documents/GitHub/single-photon-vision/FPGA/FPGAcount_troubleshooting/dmux4to1.vhd sub00/vhpl09 1454441875
AR fd4ce_mxilinx_michaelsfpgavision behavioral C:/Users/lab/Documents/GitHub/single-photon-vision/FPGA/FPGAcount/MichaelsFPGAVision.vhf sub00/vhpl23 1454366242
EN cc16ce_mxilinx_michaelsfpgavision NULL C:/Users/lab/Documents/GitHub/single-photon-vision/FPGA/FPGAcount_troubleshooting/MichaelsFPGAVision.vhf sub00/vhpl18 1454441884
EN bus2to1 NULL C:/Users/lab/Documents/GitHub/single-photon-vision/FPGA/FPGAcount_troubleshooting/BUS2TO1.vhd sub00/vhpl06 1454441872
EN busto4 NULL C:/Users/lab/Documents/GitHub/single-photon-vision/FPGA/FPGAcount_troubleshooting/BUS16TO4.vhd sub00/vhpl10 1454441876
AR cc8ce_mxilinx_michaelsfpgavision behavioral C:/Users/lab/Documents/GitHub/single-photon-vision/FPGA/FPGAcount_troubleshooting/MichaelsFPGAVision.vhf sub00/vhpl13 1454441879
EN mux4to1 NULL C:/Users/lab/Documents/GitHub/single-photon-vision/FPGA/FPGAcount_troubleshooting/mux4to1.vhd sub00/vhpl04 1454441870
EN ftce_mxilinx_michaelsfpgavision NULL C:/Users/lab/Documents/GitHub/single-photon-vision/FPGA/FPGAcount_troubleshooting/MichaelsFPGAVision.vhf sub00/vhpl14 1454441880
EN cc8ce_mxilinx_michaelsfpgavision NULL C:/Users/lab/Documents/GitHub/single-photon-vision/FPGA/FPGAcount_troubleshooting/MichaelsFPGAVision.vhf sub00/vhpl12 1454441878
EN hex_display NULL C:/Users/lab/Documents/GitHub/single-photon-vision/FPGA/FPGAcount_troubleshooting/HexDriver.vhd sub00/vhpl02 1454441868
AR cb2ce_mxilinx_michaelsfpgavision behavioral C:/Users/lab/Documents/GitHub/single-photon-vision/FPGA/FPGAcount_troubleshooting/MichaelsFPGAVision.vhf sub00/vhpl17 1454441883
AR comp16_mxilinx_michaelsfpgavision behavioral C:/Users/lab/Documents/GitHub/single-photon-vision/FPGA/FPGAcount_troubleshooting/MichaelsFPGAVision.vhf sub00/vhpl21 1454441887
EN michaelsfpgavision NULL C:/Users/lab/Documents/GitHub/single-photon-vision/FPGA/FPGAcount_troubleshooting/MichaelsFPGAVision.vhf sub00/vhpl24 1454441888
AR ftce_mxilinx_michaelsfpgavision behavioral C:/Users/lab/Documents/GitHub/single-photon-vision/FPGA/FPGAcount_troubleshooting/MichaelsFPGAVision.vhf sub00/vhpl15 1454441881
AR cc16ce_mxilinx_michaelsfpgavision behavioral C:/Users/lab/Documents/GitHub/single-photon-vision/FPGA/FPGAcount_troubleshooting/MichaelsFPGAVision.vhf sub00/vhpl19 1454441885
EN bus16to1 NULL C:/Users/lab/Documents/GitHub/single-photon-vision/FPGA/FPGAcount/BUS16TO1.vhd sub00/vhpl00 1454366219
EN comp16_mxilinx_michaelsfpgavision NULL C:/Users/lab/Documents/GitHub/single-photon-vision/FPGA/FPGAcount_troubleshooting/MichaelsFPGAVision.vhf sub00/vhpl20 1454441886
AR mux4to1 behavioral C:/Users/lab/Documents/GitHub/single-photon-vision/FPGA/FPGAcount_troubleshooting/mux4to1.vhd sub00/vhpl05 1454441871
AR hex_display behavioral C:/Users/lab/Documents/GitHub/single-photon-vision/FPGA/FPGAcount_troubleshooting/HexDriver.vhd sub00/vhpl03 1454441869
AR busto4 behavioral C:/Users/lab/Documents/GitHub/single-photon-vision/FPGA/FPGAcount_troubleshooting/BUS16TO4.vhd sub00/vhpl11 1454441877
EN demultiplexer_case NULL C:/Users/lab/Documents/GitHub/single-photon-vision/FPGA/FPGAcount_troubleshooting/dmux4to1.vhd sub00/vhpl08 1454441874
