EN cb2ce_mxilinx_michaelsfpgavision NULL C:/Users/lab/Documents/GitHub/single-photon-vision/FPGA/FPGAcount/MichaelsFPGAVision.vhf sub00/vhpl16 1447190527
AR bus2to1 behavioral C:/Users/lab/Documents/GitHub/single-photon-vision/FPGA/FPGAcount/BUS2TO1.vhd sub00/vhpl07 1447190518
AR michaelsfpgavision behavioral C:/Users/lab/Documents/GitHub/single-photon-vision/FPGA/FPGAcount/MichaelsFPGAVision.vhf sub00/vhpl25 1447190536
AR bus16to1 behavioral C:/Users/lab/Documents/GitHub/single-photon-vision/FPGA/FPGAcount/BUS16TO1.vhd sub00/vhpl01 1447190512
EN fd4ce_mxilinx_michaelsfpgavision NULL C:/Users/lab/Documents/GitHub/single-photon-vision/FPGA/FPGAcount/MichaelsFPGAVision.vhf sub00/vhpl22 1447190533
AR demultiplexer_case demultiplexer_case_arc C:/Users/lab/Documents/GitHub/single-photon-vision/FPGA/FPGAcount/dmux4to1.vhd sub00/vhpl09 1447190520
AR fd4ce_mxilinx_michaelsfpgavision behavioral C:/Users/lab/Documents/GitHub/single-photon-vision/FPGA/FPGAcount/MichaelsFPGAVision.vhf sub00/vhpl23 1447190534
EN cc16ce_mxilinx_michaelsfpgavision NULL C:/Users/lab/Documents/GitHub/single-photon-vision/FPGA/FPGAcount/MichaelsFPGAVision.vhf sub00/vhpl18 1447190529
EN bus2to1 NULL C:/Users/lab/Documents/GitHub/single-photon-vision/FPGA/FPGAcount/BUS2TO1.vhd sub00/vhpl06 1447190517
EN busto4 NULL C:/Users/lab/Documents/GitHub/single-photon-vision/FPGA/FPGAcount/BUS16TO4.vhd sub00/vhpl10 1447190521
AR cc8ce_mxilinx_michaelsfpgavision behavioral C:/Users/lab/Documents/GitHub/single-photon-vision/FPGA/FPGAcount/MichaelsFPGAVision.vhf sub00/vhpl13 1447190524
EN mux4to1 NULL C:/Users/lab/Documents/GitHub/single-photon-vision/FPGA/FPGAcount/mux4to1.vhd sub00/vhpl04 1447190515
EN ftce_mxilinx_michaelsfpgavision NULL C:/Users/lab/Documents/GitHub/single-photon-vision/FPGA/FPGAcount/MichaelsFPGAVision.vhf sub00/vhpl14 1447190525
EN cc8ce_mxilinx_michaelsfpgavision NULL C:/Users/lab/Documents/GitHub/single-photon-vision/FPGA/FPGAcount/MichaelsFPGAVision.vhf sub00/vhpl12 1447190523
EN hex_display NULL C:/Users/lab/Documents/GitHub/single-photon-vision/FPGA/FPGAcount/HexDriver.vhd sub00/vhpl02 1447190513
AR cb2ce_mxilinx_michaelsfpgavision behavioral C:/Users/lab/Documents/GitHub/single-photon-vision/FPGA/FPGAcount/MichaelsFPGAVision.vhf sub00/vhpl17 1447190528
AR comp16_mxilinx_michaelsfpgavision behavioral C:/Users/lab/Documents/GitHub/single-photon-vision/FPGA/FPGAcount/MichaelsFPGAVision.vhf sub00/vhpl21 1447190532
EN michaelsfpgavision NULL C:/Users/lab/Documents/GitHub/single-photon-vision/FPGA/FPGAcount/MichaelsFPGAVision.vhf sub00/vhpl24 1447190535
AR ftce_mxilinx_michaelsfpgavision behavioral C:/Users/lab/Documents/GitHub/single-photon-vision/FPGA/FPGAcount/MichaelsFPGAVision.vhf sub00/vhpl15 1447190526
AR cc16ce_mxilinx_michaelsfpgavision behavioral C:/Users/lab/Documents/GitHub/single-photon-vision/FPGA/FPGAcount/MichaelsFPGAVision.vhf sub00/vhpl19 1447190530
EN bus16to1 NULL C:/Users/lab/Documents/GitHub/single-photon-vision/FPGA/FPGAcount/BUS16TO1.vhd sub00/vhpl00 1447190511
EN comp16_mxilinx_michaelsfpgavision NULL C:/Users/lab/Documents/GitHub/single-photon-vision/FPGA/FPGAcount/MichaelsFPGAVision.vhf sub00/vhpl20 1447190531
AR mux4to1 behavioral C:/Users/lab/Documents/GitHub/single-photon-vision/FPGA/FPGAcount/mux4to1.vhd sub00/vhpl05 1447190516
AR hex_display behavioral C:/Users/lab/Documents/GitHub/single-photon-vision/FPGA/FPGAcount/HexDriver.vhd sub00/vhpl03 1447190514
AR busto4 behavioral C:/Users/lab/Documents/GitHub/single-photon-vision/FPGA/FPGAcount/BUS16TO4.vhd sub00/vhpl11 1447190522
EN demultiplexer_case NULL C:/Users/lab/Documents/GitHub/single-photon-vision/FPGA/FPGAcount/dmux4to1.vhd sub00/vhpl08 1447190519
