EN cb2ce_mxilinx_michaelsfpgavision NULL C:/Users/lab/Documents/GitHub/single-photon-vision/FPGA/FPGAcount/MichaelsFPGAVision.vhf sub00/vhpl16 1454366235
AR bus2to1 behavioral C:/Users/lab/Documents/GitHub/single-photon-vision/FPGA/FPGAcount/BUS2TO1.vhd sub00/vhpl07 1454366226
AR michaelsfpgavision behavioral C:/Users/lab/Documents/GitHub/single-photon-vision/FPGA/FPGAcount/MichaelsFPGAVision.vhf sub00/vhpl25 1454366244
AR bus16to1 behavioral C:/Users/lab/Documents/GitHub/single-photon-vision/FPGA/FPGAcount/BUS16TO1.vhd sub00/vhpl01 1454366220
EN fd4ce_mxilinx_michaelsfpgavision NULL C:/Users/lab/Documents/GitHub/single-photon-vision/FPGA/FPGAcount/MichaelsFPGAVision.vhf sub00/vhpl22 1454366241
AR demultiplexer_case demultiplexer_case_arc C:/Users/lab/Documents/GitHub/single-photon-vision/FPGA/FPGAcount/dmux4to1.vhd sub00/vhpl09 1454366228
AR fd4ce_mxilinx_michaelsfpgavision behavioral C:/Users/lab/Documents/GitHub/single-photon-vision/FPGA/FPGAcount/MichaelsFPGAVision.vhf sub00/vhpl23 1454366242
EN cc16ce_mxilinx_michaelsfpgavision NULL C:/Users/lab/Documents/GitHub/single-photon-vision/FPGA/FPGAcount/MichaelsFPGAVision.vhf sub00/vhpl18 1454366237
EN bus2to1 NULL C:/Users/lab/Documents/GitHub/single-photon-vision/FPGA/FPGAcount/BUS2TO1.vhd sub00/vhpl06 1454366225
EN busto4 NULL C:/Users/lab/Documents/GitHub/single-photon-vision/FPGA/FPGAcount/BUS16TO4.vhd sub00/vhpl10 1454366229
AR cc8ce_mxilinx_michaelsfpgavision behavioral C:/Users/lab/Documents/GitHub/single-photon-vision/FPGA/FPGAcount/MichaelsFPGAVision.vhf sub00/vhpl13 1454366232
EN mux4to1 NULL C:/Users/lab/Documents/GitHub/single-photon-vision/FPGA/FPGAcount/mux4to1.vhd sub00/vhpl04 1454366223
EN ftce_mxilinx_michaelsfpgavision NULL C:/Users/lab/Documents/GitHub/single-photon-vision/FPGA/FPGAcount/MichaelsFPGAVision.vhf sub00/vhpl14 1454366233
EN cc8ce_mxilinx_michaelsfpgavision NULL C:/Users/lab/Documents/GitHub/single-photon-vision/FPGA/FPGAcount/MichaelsFPGAVision.vhf sub00/vhpl12 1454366231
EN hex_display NULL C:/Users/lab/Documents/GitHub/single-photon-vision/FPGA/FPGAcount/HexDriver.vhd sub00/vhpl02 1454366221
AR cb2ce_mxilinx_michaelsfpgavision behavioral C:/Users/lab/Documents/GitHub/single-photon-vision/FPGA/FPGAcount/MichaelsFPGAVision.vhf sub00/vhpl17 1454366236
AR comp16_mxilinx_michaelsfpgavision behavioral C:/Users/lab/Documents/GitHub/single-photon-vision/FPGA/FPGAcount/MichaelsFPGAVision.vhf sub00/vhpl21 1454366240
EN michaelsfpgavision NULL C:/Users/lab/Documents/GitHub/single-photon-vision/FPGA/FPGAcount/MichaelsFPGAVision.vhf sub00/vhpl24 1454366243
AR ftce_mxilinx_michaelsfpgavision behavioral C:/Users/lab/Documents/GitHub/single-photon-vision/FPGA/FPGAcount/MichaelsFPGAVision.vhf sub00/vhpl15 1454366234
AR cc16ce_mxilinx_michaelsfpgavision behavioral C:/Users/lab/Documents/GitHub/single-photon-vision/FPGA/FPGAcount/MichaelsFPGAVision.vhf sub00/vhpl19 1454366238
EN bus16to1 NULL C:/Users/lab/Documents/GitHub/single-photon-vision/FPGA/FPGAcount/BUS16TO1.vhd sub00/vhpl00 1454366219
EN comp16_mxilinx_michaelsfpgavision NULL C:/Users/lab/Documents/GitHub/single-photon-vision/FPGA/FPGAcount/MichaelsFPGAVision.vhf sub00/vhpl20 1454366239
AR mux4to1 behavioral C:/Users/lab/Documents/GitHub/single-photon-vision/FPGA/FPGAcount/mux4to1.vhd sub00/vhpl05 1454366224
AR hex_display behavioral C:/Users/lab/Documents/GitHub/single-photon-vision/FPGA/FPGAcount/HexDriver.vhd sub00/vhpl03 1454366222
AR busto4 behavioral C:/Users/lab/Documents/GitHub/single-photon-vision/FPGA/FPGAcount/BUS16TO4.vhd sub00/vhpl11 1454366230
EN demultiplexer_case NULL C:/Users/lab/Documents/GitHub/single-photon-vision/FPGA/FPGAcount/dmux4to1.vhd sub00/vhpl08 1454366227
