V3 60
FL C:/Users/lab/Documents/GitHub/single-photon-vision/FPGA/FPGAcount/BUS16TO1.vhd 2014/03/04.10:41:30 P.20131013
EN work/BUS16TO1 1447190511 \
      FL C:/Users/lab/Documents/GitHub/single-photon-vision/FPGA/FPGAcount/BUS16TO1.vhd \
      PB ieee/std_logic_1164 1381692176
AR work/BUS16TO1/Behavioral 1447190512 \
      FL C:/Users/lab/Documents/GitHub/single-photon-vision/FPGA/FPGAcount/BUS16TO1.vhd \
      EN work/BUS16TO1 1447190511
FL C:/Users/lab/Documents/GitHub/single-photon-vision/FPGA/FPGAcount/BUS16TO4.vhd 2014/03/04.10:41:30 P.20131013
EN work/BUSTO4 1447190521 \
      FL C:/Users/lab/Documents/GitHub/single-photon-vision/FPGA/FPGAcount/BUS16TO4.vhd \
      PB ieee/std_logic_1164 1381692176
AR work/BUSTO4/Behavioral 1447190522 \
      FL C:/Users/lab/Documents/GitHub/single-photon-vision/FPGA/FPGAcount/BUS16TO4.vhd \
      EN work/BUSTO4 1447190521
FL C:/Users/lab/Documents/GitHub/single-photon-vision/FPGA/FPGAcount/BUS2TO1.vhd 2014/03/04.10:41:30 P.20131013
EN work/BUS2TO1 1447190517 \
      FL C:/Users/lab/Documents/GitHub/single-photon-vision/FPGA/FPGAcount/BUS2TO1.vhd \
      PB ieee/std_logic_1164 1381692176
AR work/BUS2TO1/Behavioral 1447190518 \
      FL C:/Users/lab/Documents/GitHub/single-photon-vision/FPGA/FPGAcount/BUS2TO1.vhd \
      EN work/BUS2TO1 1447190517
FL C:/Users/lab/Documents/GitHub/single-photon-vision/FPGA/FPGAcount/dmux4to1.vhd 2014/03/04.10:41:30 P.20131013
EN work/demultiplexer_case 1447190519 \
      FL C:/Users/lab/Documents/GitHub/single-photon-vision/FPGA/FPGAcount/dmux4to1.vhd \
      PB ieee/std_logic_1164 1381692176
AR work/demultiplexer_case/demultiplexer_case_arc 1447190520 \
      FL C:/Users/lab/Documents/GitHub/single-photon-vision/FPGA/FPGAcount/dmux4to1.vhd \
      EN work/demultiplexer_case 1447190519
FL C:/Users/lab/Documents/GitHub/single-photon-vision/FPGA/FPGAcount/HexDriver.vhd 2014/03/04.10:41:30 P.20131013
EN work/hex_display 1447190513 \
      FL C:/Users/lab/Documents/GitHub/single-photon-vision/FPGA/FPGAcount/HexDriver.vhd \
      PB ieee/std_logic_1164 1381692176 PB ieee/NUMERIC_STD 1381692181 \
      PB ieee/STD_LOGIC_UNSIGNED 1381692179
AR work/hex_display/behavioral 1447190514 \
      FL C:/Users/lab/Documents/GitHub/single-photon-vision/FPGA/FPGAcount/HexDriver.vhd \
      EN work/hex_display 1447190513
FL C:/Users/lab/Documents/GitHub/single-photon-vision/FPGA/FPGAcount/MichaelsFPGAVision.vhf 2015/11/10.15:21:46 P.20131013
EN work/CC8CE_MXILINX_MichaelsFPGAVision 1447190523 \
      FL C:/Users/lab/Documents/GitHub/single-photon-vision/FPGA/FPGAcount/MichaelsFPGAVision.vhf \
      PB ieee/std_logic_1164 1381692176 PB ieee/NUMERIC_STD 1381692181 LB UNISIM \
      PH unisim/VCOMPONENTS 1381692182
AR work/CC8CE_MXILINX_MichaelsFPGAVision/BEHAVIORAL 1447190524 \
      FL C:/Users/lab/Documents/GitHub/single-photon-vision/FPGA/FPGAcount/MichaelsFPGAVision.vhf \
      EN work/CC8CE_MXILINX_MichaelsFPGAVision 1447190523 CP MUXCY_L CP XORCY \
      CP FDCE CP MUXCY CP GND CP VCC CP AND2 CP AND3 CP INV
EN work/FTCE_MXILINX_MichaelsFPGAVision 1447190525 \
      FL C:/Users/lab/Documents/GitHub/single-photon-vision/FPGA/FPGAcount/MichaelsFPGAVision.vhf \
      PB ieee/std_logic_1164 1381692176 PB ieee/NUMERIC_STD 1381692181 LB UNISIM \
      PH unisim/VCOMPONENTS 1381692182
AR work/FTCE_MXILINX_MichaelsFPGAVision/BEHAVIORAL 1447190526 \
      FL C:/Users/lab/Documents/GitHub/single-photon-vision/FPGA/FPGAcount/MichaelsFPGAVision.vhf \
      EN work/FTCE_MXILINX_MichaelsFPGAVision 1447190525 CP XOR2 CP FDCE
EN work/CB2CE_MXILINX_MichaelsFPGAVision 1447190527 \
      FL C:/Users/lab/Documents/GitHub/single-photon-vision/FPGA/FPGAcount/MichaelsFPGAVision.vhf \
      PB ieee/std_logic_1164 1381692176 PB ieee/NUMERIC_STD 1381692181 LB UNISIM \
      PH unisim/VCOMPONENTS 1381692182
AR work/CB2CE_MXILINX_MichaelsFPGAVision/BEHAVIORAL 1447190528 \
      FL C:/Users/lab/Documents/GitHub/single-photon-vision/FPGA/FPGAcount/MichaelsFPGAVision.vhf \
      EN work/CB2CE_MXILINX_MichaelsFPGAVision 1447190527 \
      CP FTCE_MXILINX_MichaelsFPGAVision CP AND2 CP VCC
EN work/CC16CE_MXILINX_MichaelsFPGAVision 1447190529 \
      FL C:/Users/lab/Documents/GitHub/single-photon-vision/FPGA/FPGAcount/MichaelsFPGAVision.vhf \
      PB ieee/std_logic_1164 1381692176 PB ieee/NUMERIC_STD 1381692181 LB UNISIM \
      PH unisim/VCOMPONENTS 1381692182
AR work/CC16CE_MXILINX_MichaelsFPGAVision/BEHAVIORAL 1447190530 \
      FL C:/Users/lab/Documents/GitHub/single-photon-vision/FPGA/FPGAcount/MichaelsFPGAVision.vhf \
      EN work/CC16CE_MXILINX_MichaelsFPGAVision 1447190529 CP MUXCY_L CP XORCY \
      CP FDCE CP GND CP VCC CP MUXCY CP AND2 CP AND3 CP INV
EN work/COMP16_MXILINX_MichaelsFPGAVision 1447190531 \
      FL C:/Users/lab/Documents/GitHub/single-photon-vision/FPGA/FPGAcount/MichaelsFPGAVision.vhf \
      PB ieee/std_logic_1164 1381692176 PB ieee/NUMERIC_STD 1381692181 LB UNISIM \
      PH unisim/VCOMPONENTS 1381692182
AR work/COMP16_MXILINX_MichaelsFPGAVision/BEHAVIORAL 1447190532 \
      FL C:/Users/lab/Documents/GitHub/single-photon-vision/FPGA/FPGAcount/MichaelsFPGAVision.vhf \
      EN work/COMP16_MXILINX_MichaelsFPGAVision 1447190531 CP AND4 CP XNOR2
EN work/FD4CE_MXILINX_MichaelsFPGAVision 1447190533 \
      FL C:/Users/lab/Documents/GitHub/single-photon-vision/FPGA/FPGAcount/MichaelsFPGAVision.vhf \
      PB ieee/std_logic_1164 1381692176 PB ieee/NUMERIC_STD 1381692181 LB UNISIM \
      PH unisim/VCOMPONENTS 1381692182
AR work/FD4CE_MXILINX_MichaelsFPGAVision/BEHAVIORAL 1447190534 \
      FL C:/Users/lab/Documents/GitHub/single-photon-vision/FPGA/FPGAcount/MichaelsFPGAVision.vhf \
      EN work/FD4CE_MXILINX_MichaelsFPGAVision 1447190533 CP FDCE
EN work/MichaelsFPGAVision 1447190535 \
      FL C:/Users/lab/Documents/GitHub/single-photon-vision/FPGA/FPGAcount/MichaelsFPGAVision.vhf \
      PB ieee/std_logic_1164 1381692176 PB ieee/NUMERIC_STD 1381692181 LB UNISIM \
      PH unisim/VCOMPONENTS 1381692182
AR work/MichaelsFPGAVision/BEHAVIORAL 1447190536 \
      FL C:/Users/lab/Documents/GitHub/single-photon-vision/FPGA/FPGAcount/MichaelsFPGAVision.vhf \
      EN work/MichaelsFPGAVision 1447190535 CP CC16CE_MXILINX_MichaelsFPGAVision \
      CP INV CP CB2CE_MXILINX_MichaelsFPGAVision \
      CP FD4CE_MXILINX_MichaelsFPGAVision CP VCC CP AND2B2 CP AND2B1 CP AND2 \
      CP BUS16TO1 CP COMP16_MXILINX_MichaelsFPGAVision CP GND CP hex_display \
      CP mux4to1 CP BUS2TO1 CP demultiplexer_case CP BUSTO4 \
      CP CC8CE_MXILINX_MichaelsFPGAVision
FL C:/Users/lab/Documents/GitHub/single-photon-vision/FPGA/FPGAcount/mux4to1.vhd 2014/03/04.10:41:30 P.20131013
EN work/mux4to1 1447190515 \
      FL C:/Users/lab/Documents/GitHub/single-photon-vision/FPGA/FPGAcount/mux4to1.vhd \
      PB ieee/std_logic_1164 1381692176
AR work/mux4to1/behavioral 1447190516 \
      FL C:/Users/lab/Documents/GitHub/single-photon-vision/FPGA/FPGAcount/mux4to1.vhd \
      EN work/mux4to1 1447190515
